

enter username:
enter password:
enter your intention (1 == read || 2 == write)
made salt, creating key
enter file name to send to server:
made salt, creating key
perform another action?
